GAMS 49.1.0  5c4d4ed6 Feb 15, 2025          WEX-WEI x86 64bit/MS Windows - 03/07/25 15:08:45 Page 1
G e n e r a l   A l g e b r a i c   M o d e l i n g   S y s t e m
C o m p i l a t i o n


   1  *option nlp=SCIP;
   2  option nlp=IPOPT;
   3  *option nlp=CONOPT;
   4   
   5  parameter
   6           model_status,
   7           solver_status;
   8  sets
   9           i 'vehicles',
  10           k 'prediction steps';
  11   
  12  parameter
  13           h 'length of the time interval',
  14           tau 'tau in the car-following model',
  15           d_0 'd_0 in the car-following model',
  16           k_dynamics(k) 'dynamic prediction steps used to calculate the differences',
  17           k_critical_points(k) 'the position where there should be critical points',
  18           s_init(i) 'initial position of vehicle i',
  19           s_critical(i,k) 'critical position points of vehicle i at time k',
  20           v_init(i) 'initial speed of vehicle i',
  21           veh_dynamics(i) 'indicator of vehicles to calculate the car-following distances';
  22  *$gdxin _gams_py_gdb1
GDXIN   C:\Users\chris\OneDrive - UW\Documents\GitHub\UW_CET593_project2\agent\gams_models\_gams_py_gdb294.gdx
--- LOAD  i = 7:i
--- LOAD  k = 1:k
--- LOAD  h = 2:h
--- LOAD  tau = 3:tau
--- LOAD  d_0 = 4:d_0
--- LOAD  k_dynamics = 5:k_dynamics
--- LOAD  k_critical_points = 6:k_critical_points
--- LOAD  s_init = 9:s_init
--- LOAD  s_critical = 8:s_critical
--- LOAD  v_init = 10:v_init
--- LOAD  veh_dynamics = 11:veh_dynamics
  27   
  28  variable
  29           f 'cost function',
  30           f_inst(i,k) 'the instantanuous fuel consumption rate',
  31           f_position(i,k) 'position penalty',
  32           a(i,k) 'acceleration of vehicle i at time step k',
  33           v(i,k) 'speed of vehicle i on lane k at time step k',
  34           s(i,k) 'position of vehicle i on lane k at time step k';
  35   
  36  equations
  37           cost 'cost function',
  38           fuel_consumption(i,k) 'calculate fuel consumption rate',
  39           dynamics_speed(i,k) 'dynamics of the speed',
  40           dynamics_position(i,k) 'lower bound of a vehicle position',
  41           car_following(i,k) 'car-following model',
  42           position_penalty(i,k) 'car-following model';
  43   
  44  *Cost function. A relaxed version of Equation (24). We do not require exact match for the critical points. Instead, we try to minimizze the errors for matching those points.
  45  cost..                                                                           f =e= sum(k, sum(i, f_inst(i,k))) + sum(k$(k_critical_points(k) ne 0), sum(i, power(s(i,k) - s_critical(i,k), 2)));
  46   
  47  *Equation (25a)
  48  dynamics_speed(i,k)$(k_dynamics(k) ne 0)..                                       v(i,k) - v(i,k-1) =e= h*a(i,k-1);
  49   
  50  *Equation (25b)
  51  dynamics_position(i,k)$(k_dynamics(k) ne 0)..                                    s(i,k) - s(i,k-1) =e= h*v(i,k-1) + a(i,k-1)*h*h/2;
  52   
  53  *A relaxed version of Equation (25c)
  54  car_following(i,k)$(veh_dynamics(i) ne 0 and k_dynamics(k) ne 0)..               s(i,k) - s(i+1,k) =g= tau*v(i,k);
  55   
  56  *Fuel consumption.
  57  fuel_consumption(i,k)..                                                          f_inst(i,k) =e= 0.2736 + 0.0599*v(i,k) + 0.3547*a(i,k) - 0.0058*power(v(i,k),2) + 0.0179*v(i,k)*a(i,k) + 0.0663*power(a(i,k),2) + 0.0002*power(v(i,k),3) + 0.002*power(v(i,k),2)*a(i,k) + 0.0245*v(i,k)*power(a(i,k),2) - 0.0489*power(a(i,k),3);
  58   
  59  *Equation (25e)
  60  a.up(i,k) = 4;
  61  a.lo(i,k) = -5;
  62  v.up(i,k) = 11;
  63  v.lo(i,k) = -1;
  64  s.up(i,k) = 700;
  65  s.lo(i,k) = -200;
  66  v.fx(i,'1') = v_init(i);
  67  s.fx(i,'1') = s_init(i);
  68   
  69  model m /cost, dynamics_speed, dynamics_position, car_following, fuel_consumption/;
  70   
  71  solve m using nlp minimizing f;
  72  model_status = m.Modelstat;
  73  solver_status = m.solvestat;
GAMS 49.1.0  5c4d4ed6 Feb 15, 2025          WEX-WEI x86 64bit/MS Windows - 03/07/25 15:08:45 Page 2
G e n e r a l   A l g e b r a i c   M o d e l i n g   S y s t e m
Include File Summary


   SEQ   GLOBAL TYPE      PARENT   LOCAL  FILENAME

     1        1 INPUT          0       0  C:\Users\chris\OneDrive - UW\Documents\GitHub\UW_CET593_project2\agent\gams_models\unified_four_legs_three_lanes_faster.gms
     2       24 GDXIN          1      24  C:\Users\chris\OneDrive - UW\Documents\GitHub\UW_CET593_project2\agent\gams_models\_gams_py_gdb294.gdx


COMPILATION TIME     =        0.047 SECONDS      3 MB  49.1.0 5c4d4ed6 WEX-WEI
GAMS 49.1.0  5c4d4ed6 Feb 15, 2025          WEX-WEI x86 64bit/MS Windows - 03/07/25 15:08:45 Page 3
G e n e r a l   A l g e b r a i c   M o d e l i n g   S y s t e m
Equation Listing    SOLVE m Using NLP From line 71


---- cost  =E=  cost function

cost..  f - f_inst(1,1) - f_inst(1,2) - f_inst(1,3) - f_inst(1,4) - f_inst(1,5) - f_inst(1,6) - f_inst(1,7) - f_inst(1,8) - f_inst(1,9) - f_inst(1,10) - f_inst(1,11) - f_inst(1,12) - f_inst(1,13) - f_inst(1,14) - f_inst(1,15) - f_inst(1,16) - f_inst(1,17) - f_inst(1,18) - f_inst(1,19) - f_inst(1,20) - f_inst(1,21) - f_inst(1,22) - f_inst(1,23) - f_inst(1,24) - f_inst(1,25) - f_inst(1,26) - f_inst(1,27) - f_inst(1,28) - f_inst(1,29) - f_inst(1,30) - f_inst(1,31) - (257.258317023854)*s(1,11) - (127.258317023854)*s(1,21) - (1.4410029311016E-14)*s(1,31) =E= 0 ; (LHS = -20594.1302324223, INFES = 20594.1302324223 ****)
     

---- dynamics_speed  =E=  dynamics of the speed

dynamics_speed(1,2)..  - 0.5*a(1,1) - v(1,1) + v(1,2) =E= 0 ; (LHS = -6.48584670772732, INFES = 6.48584670772732 ****)
     
dynamics_speed(1,3)..  - 0.5*a(1,2) - v(1,2) + v(1,3) =E= 0 ; (LHS = 0)
     
dynamics_speed(1,4)..  - 0.5*a(1,3) - v(1,3) + v(1,4) =E= 0 ; (LHS = 0)
     
REMAINING 27 ENTRIES SKIPPED


---- dynamics_position  =E=  lower bound of a vehicle position

dynamics_position(1,2)..  - 0.125*a(1,1) - 0.5*v(1,1) - s(1,1) + s(1,2) =E= 0 ; (LHS = 164.386235158063, INFES = 164.386235158063 ****)
     
dynamics_position(1,3)..  - 0.125*a(1,2) - 0.5*v(1,2) - s(1,2) + s(1,3) =E= 0 ; (LHS = 0)
     
dynamics_position(1,4)..  - 0.125*a(1,3) - 0.5*v(1,3) - s(1,3) + s(1,4) =E= 0 ; (LHS = 0)
     
REMAINING 27 ENTRIES SKIPPED


---- car_following  =G=  car-following model

                NONE


---- fuel_consumption  =E=  calculate fuel consumption rate

fuel_consumption(1,1)..  f_inst(1,1) - (0.554929071100594)*a(1,1) - (0.00990390270004548)*v(1,1) =E= 0.2736 ; (LHS = -0.199085208904293, INFES = 0.472685208904293 ****)
     
fuel_consumption(1,2)..  f_inst(1,2) - (0.3547)*a(1,2) - (0.0599)*v(1,2) =E= 0.2736 ; (LHS = 0, INFES = 0.2736 ****)
     
fuel_consumption(1,3)..  f_inst(1,3) - (0.3547)*a(1,3) - (0.0599)*v(1,3) =E= 0.2736 ; (LHS = 0, INFES = 0.2736 ****)
     
REMAINING 28 ENTRIES SKIPPED

GAMS 49.1.0  5c4d4ed6 Feb 15, 2025          WEX-WEI x86 64bit/MS Windows - 03/07/25 15:08:45 Page 4
G e n e r a l   A l g e b r a i c   M o d e l i n g   S y s t e m
Column Listing      SOLVE m Using NLP From line 71


---- f  cost function

f
                (.LO, .L, .UP, .M = -INF, 0, +INF, 0)
        1       cost


---- f_inst  the instantanuous fuel consumption rate

f_inst(1,1)
                (.LO, .L, .UP, .M = -INF, 0, +INF, 0)
       -1       cost
        1       fuel_consumption(1,1)

f_inst(1,2)
                (.LO, .L, .UP, .M = -INF, 0, +INF, 0)
       -1       cost
        1       fuel_consumption(1,2)

f_inst(1,3)
                (.LO, .L, .UP, .M = -INF, 0, +INF, 0)
       -1       cost
        1       fuel_consumption(1,3)

REMAINING 28 ENTRIES SKIPPED

---- a  acceleration of vehicle i at time step k

a(1,1)
                (.LO, .L, .UP, .M = -5, 0, 4, 0)
       -0.5     dynamics_speed(1,2)
       -0.125   dynamics_position(1,2)
      (-0.5549) fuel_consumption(1,1)

a(1,2)
                (.LO, .L, .UP, .M = -5, 0, 4, 0)
       -0.5     dynamics_speed(1,3)
       -0.125   dynamics_position(1,3)
      (-0.3547) fuel_consumption(1,2)

a(1,3)
                (.LO, .L, .UP, .M = -5, 0, 4, 0)
       -0.5     dynamics_speed(1,4)
       -0.125   dynamics_position(1,4)
      (-0.3547) fuel_consumption(1,3)

REMAINING 28 ENTRIES SKIPPED

---- v  speed of vehicle i on lane k at time step k

v(1,1)
                (.LO, .L, .UP, .M = 6.48584670772732, 6.48584670772732, 6.48584670772732, 0)
       -1       dynamics_speed(1,2)
       -0.5     dynamics_position(1,2)
      (-0.0099) fuel_consumption(1,1)

v(1,2)
                (.LO, .L, .UP, .M = -1, 0, 11, 0)
        1       dynamics_speed(1,2)
       -1       dynamics_speed(1,3)
       -0.5     dynamics_position(1,3)
      (-0.0599) fuel_consumption(1,2)

v(1,3)
                (.LO, .L, .UP, .M = -1, 0, 11, 0)
        1       dynamics_speed(1,3)
       -1       dynamics_speed(1,4)
       -0.5     dynamics_position(1,4)
      (-0.0599) fuel_consumption(1,3)

REMAINING 28 ENTRIES SKIPPED

---- s  position of vehicle i on lane k at time step k

s(1,1)
                (.LO, .L, .UP, .M = -167.629158511927, -167.629158511927, -167.629158511927, 0)
       -1       dynamics_position(1,2)

s(1,2)
                (.LO, .L, .UP, .M = -200, 0, 700, 0)
        1       dynamics_position(1,2)
       -1       dynamics_position(1,3)

s(1,3)
                (.LO, .L, .UP, .M = -200, 0, 700, 0)
        1       dynamics_position(1,3)
       -1       dynamics_position(1,4)

REMAINING 28 ENTRIES SKIPPED
GAMS 49.1.0  5c4d4ed6 Feb 15, 2025          WEX-WEI x86 64bit/MS Windows - 03/07/25 15:08:45 Page 5
G e n e r a l   A l g e b r a i c   M o d e l i n g   S y s t e m
Model Statistics    SOLVE m Using NLP From line 71


MODEL STATISTICS

BLOCKS OF EQUATIONS           5     SINGLE EQUATIONS           92
BLOCKS OF VARIABLES           5     SINGLE VARIABLES          125
NON ZERO ELEMENTS           338     NON LINEAR N-Z             65
CODE LENGTH               1,193     CONSTANT POOL              28


GENERATION TIME      =        0.047 SECONDS      4 MB  49.1.0 5c4d4ed6 WEX-WEI
GAMS 49.1.0  5c4d4ed6 Feb 15, 2025          WEX-WEI x86 64bit/MS Windows - 03/07/25 15:08:45 Page 6
G e n e r a l   A l g e b r a i c   M o d e l i n g   S y s t e m
Solution Report     SOLVE m Using NLP From line 71


               S O L V E      S U M M A R Y

     MODEL   m                   OBJECTIVE  f
     TYPE    NLP                 DIRECTION  MINIMIZE
     SOLVER  IPOPT               FROM LINE  71

**** SOLVER STATUS     1 Normal Completion
**** MODEL STATUS      2 Locally Optimal
**** OBJECTIVE VALUE              195.8395

 RESOURCE USAGE, LIMIT          0.074 10000000000.000
 ITERATION COUNT, LIMIT        11    2147483647
 EVALUATION ERRORS              0             0

COIN-OR Ipopt    49.1.0 5c4d4ed6 Feb 15, 2025          WEI x86 64bit/MS Window

                           LOWER          LEVEL          UPPER         MARGINAL

---- EQU cost                .              .              .             1.0000      

  cost  cost function

---- EQU dynamics_speed  dynamics of the speed

            LOWER          LEVEL          UPPER         MARGINAL

1.2           .              .              .            -1.9801      
1.3           .       1.776357E-15          .            -2.0005      
1.4           .              .              .            -2.0122      
1.5           .              .              .            -2.0174      
1.6           .       1.776357E-15          .            -2.0172      
1.7           .       -1.77636E-15          .            -2.0124      
1.8           .       1.776357E-15          .            -2.0037      
1.9           .              .              .            -1.9915      
1.10          .              .              .            -1.9761      
1.11          .              .              .            -1.9579      
1.12          .       1.776357E-15          .             3.1998      
1.13          .              .              .             3.1998      
1.14          .              .              .             3.1998      
1.15          .              .              .             3.1998      
1.16          .              .              .             3.1998      
1.17          .              .              .             3.1998      
1.18          .              .              .             3.1998      
1.19          .              .              .             3.1998      
1.20          .              .              .             3.1998      
1.21          .       -1.77636E-15          .             3.1998      
1.22          .              .              .             2.9636      
1.23          .              .              .             2.9636      
1.24          .              .              .             2.9636      
1.25          .              .              .             2.9636      
1.26          .              .              .             2.9636      
1.27          .              .              .             2.9636      
1.28          .              .              .             2.9636      
1.29          .              .              .             2.9636      
1.30          .              .              .             2.9636      
1.31          .       1.776357E-15          .             2.9636      

---- EQU dynamics_position  lower bound of a vehicle position

            LOWER          LEVEL          UPPER         MARGINAL

1.2           .       2.842171E-14          .            -0.0928      
1.3           .       -2.84217E-14          .            -0.0928      
1.4           .              .              .            -0.0928      
1.5           .              .              .            -0.0928      
1.6           .       -2.84217E-14          .            -0.0928      
1.7           .              .              .            -0.0928      
1.8           .       2.842171E-14          .            -0.0928      
1.9           .       -2.84217E-14          .            -0.0928      
1.10          .       1.421085E-14          .            -0.0928      
1.11          .              .              .            -0.0928      
1.12          .       -1.42109E-14          .           -19.1480      
1.13          .       1.421085E-14          .           -19.1480      
1.14          .              .              .           -19.1480      
1.15          .              .              .           -19.1480      
1.16          .              .              .           -19.1480      
1.17          .       -1.42109E-14          .           -19.1480      
1.18          .              .              .           -19.1480      
1.19          .              .              .           -19.1480      
1.20          .              .              .           -19.1480      
1.21          .              .              .           -19.1480      
1.22          .              .              .           -18.2031      
1.23          .              .              .           -18.2031      
1.24          .       -7.10543E-15          .           -18.2031      
1.25          .       -7.10543E-15          .           -18.2031      
1.26          .              .              .           -18.2031      
1.27          .       -3.55271E-15          .           -18.2031      
1.28          .              .              .           -18.2031      
1.29          .       3.552714E-15          .           -18.2031      
1.30          .              .              .           -18.2031      
1.31          .              .              .           -18.2031      

---- EQU car_following  car-following model

                NONE


---- EQU fuel_consumption  calculate fuel consumption rate

            LOWER          LEVEL          UPPER         MARGINAL

1.1          0.2736         0.2736         0.2736         1.0000      
1.2          0.2736         0.2736         0.2736         1.0000      
1.3          0.2736         0.2736         0.2736         1.0000      
1.4          0.2736         0.2736         0.2736         1.0000      
1.5          0.2736         0.2736         0.2736         1.0000      
1.6          0.2736         0.2736         0.2736         1.0000      
1.7          0.2736         0.2736         0.2736         1.0000      
1.8          0.2736         0.2736         0.2736         1.0000      
1.9          0.2736         0.2736         0.2736         1.0000      
1.10         0.2736         0.2736         0.2736         1.0000      
1.11         0.2736         0.2736         0.2736         1.0000      
1.12         0.2736         0.2736         0.2736         1.0000      
1.13         0.2736         0.2736         0.2736         1.0000      
1.14         0.2736         0.2736         0.2736         1.0000      
1.15         0.2736         0.2736         0.2736         1.0000      
1.16         0.2736         0.2736         0.2736         1.0000      
1.17         0.2736         0.2736         0.2736         1.0000      
1.18         0.2736         0.2736         0.2736         1.0000      
1.19         0.2736         0.2736         0.2736         1.0000      
1.20         0.2736         0.2736         0.2736         1.0000      
1.21         0.2736         0.2736         0.2736         1.0000      
1.22         0.2736         0.2736         0.2736         1.0000      
1.23         0.2736         0.2736         0.2736         1.0000      
1.24         0.2736         0.2736         0.2736         1.0000      
1.25         0.2736         0.2736         0.2736         1.0000      
1.26         0.2736         0.2736         0.2736         1.0000      
1.27         0.2736         0.2736         0.2736         1.0000      
1.28         0.2736         0.2736         0.2736         1.0000      
1.29         0.2736         0.2736         0.2736         1.0000      
1.30         0.2736         0.2736         0.2736         1.0000      
1.31         0.2736         0.2736         0.2736         1.0000      

                           LOWER          LEVEL          UPPER         MARGINAL

---- VAR f                 -INF          195.8395        +INF             .          

  f  cost function

---- VAR f_inst  the instantanuous fuel consumption rate

            LOWER          LEVEL          UPPER         MARGINAL

1.1         -INF            3.1661        +INF            EPS         
1.2         -INF            1.2112        +INF            EPS         
1.3         -INF            1.1331        +INF            EPS         
1.4         -INF            1.0688        +INF            EPS         
1.5         -INF            1.0130        +INF            EPS         
1.6         -INF            0.9628        +INF            EPS         
1.7         -INF            0.9169        +INF            EPS         
1.8         -INF            0.8743        +INF            EPS         
1.9         -INF            0.8343        +INF            EPS         
1.10        -INF            0.7966        +INF            EPS         
1.11        -INF            0.4969        +INF            EPS         
1.12        -INF            0.4969        +INF            EPS         
1.13        -INF            0.4969        +INF            EPS         
1.14        -INF            0.4969        +INF            EPS         
1.15        -INF            0.4969        +INF            EPS         
1.16        -INF            0.4969        +INF            EPS         
1.17        -INF            0.4969        +INF            EPS         
1.18        -INF            0.4969        +INF            EPS         
1.19        -INF            0.4969        +INF            EPS         
1.20        -INF            0.4969        +INF            EPS         
1.21        -INF            0.4969        +INF            EPS         
1.22        -INF            0.4969        +INF            EPS         
1.23        -INF            0.4969        +INF            EPS         
1.24        -INF            0.4969        +INF            EPS         
1.25        -INF            0.4969        +INF            EPS         
1.26        -INF            0.4969        +INF            EPS         
1.27        -INF            0.4969        +INF            EPS         
1.28        -INF            0.4969        +INF            EPS         
1.29        -INF            0.4969        +INF            EPS         
1.30        -INF            0.4969        +INF            EPS         
1.31        -INF            0.0877        +INF            EPS         

---- VAR a  acceleration of vehicle i at time step k

            LOWER          LEVEL          UPPER         MARGINAL

1.1         -5.0000         4.0000         4.0000        -0.9923      
1.2         -5.0000         0.8536         4.0000   -3.78132E-12      
1.3         -5.0000         0.7504         4.0000   -3.44287E-12      
1.4         -5.0000         0.6672         4.0000   -3.17960E-12      
1.5         -5.0000         0.5965         4.0000   -2.96190E-12      
1.6         -5.0000         0.5345         4.0000   -2.77505E-12      
1.7         -5.0000         0.4788         4.0000   -2.61055E-12      
1.8         -5.0000         0.4281         4.0000   -2.46300E-12      
1.9         -5.0000         0.3814         4.0000   -2.32874E-12      
1.10        -5.0000         0.3378         4.0000   -2.20514E-12      
1.11        -5.0000   6.285585E-12         4.0000   -1.28629E-12      
1.12        -5.0000   5.648349E-16         4.0000   -1.28629E-12      
1.13        -5.0000   1.774432E-16         4.0000   -1.28629E-12      
1.14        -5.0000   -1.21685E-15         4.0000   -1.28629E-12      
1.15        -5.0000   -1.39955E-15         4.0000   -1.28629E-12      
1.16        -5.0000   4.534877E-16         4.0000   -1.28629E-12      
1.17        -5.0000   -1.48708E-15         4.0000   -1.28629E-12      
1.18        -5.0000   1.517544E-15         4.0000   -1.28629E-12      
1.19        -5.0000   1.257181E-15         4.0000   -1.28629E-12      
1.20        -5.0000   -1.36185E-13         4.0000   -1.28629E-12      
1.21        -5.0000   -1.42577E-13         4.0000   -1.28629E-12      
1.22        -5.0000   6.892899E-16         4.0000   -1.28629E-12      
1.23        -5.0000   1.556752E-15         4.0000   -1.28629E-12      
1.24        -5.0000   -1.55102E-15         4.0000   -1.28629E-12      
1.25        -5.0000   1.174224E-16         4.0000   -1.28629E-12      
1.26        -5.0000   1.704866E-15         4.0000   -1.28629E-12      
1.27        -5.0000   4.003283E-16         4.0000   -1.28629E-12      
1.28        -5.0000   1.038505E-15         4.0000   -1.28629E-12      
1.29        -5.0000   8.588958E-16         4.0000   -1.28629E-12      
1.30        -5.0000   -1.15202E-11         4.0000   -1.28629E-12      
1.31        -5.0000        -0.9743         4.0000   1.218660E-12      

---- VAR v  speed of vehicle i on lane k at time step k

            LOWER          LEVEL          UPPER         MARGINAL

1.1          6.4858         6.4858         6.4858        -1.4492      
1.2         -1.0000         8.4858        11.0000   -7.52038E-12      
1.3         -1.0000         8.9126        11.0000   -9.72929E-12      
1.4         -1.0000         9.2878        11.0000   -1.25247E-11      
1.5         -1.0000         9.6214        11.0000   -1.62393E-11      
1.6         -1.0000         9.9197        11.0000   -2.14576E-11      
1.7         -1.0000        10.1869        11.0000   -2.93408E-11      
1.8         -1.0000        10.4263        11.0000   -4.25943E-11      
1.9         -1.0000        10.6404        11.0000   -6.93705E-11      
1.10        -1.0000        10.8311        11.0000   -1.55109E-10      
1.11        -1.0000        11.0000        11.0000        -4.4114      
1.12        -1.0000        11.0000        11.0000        -9.5691      
1.13        -1.0000        11.0000        11.0000        -9.5691      
1.14        -1.0000        11.0000        11.0000        -9.5691      
1.15        -1.0000        11.0000        11.0000        -9.5691      
1.16        -1.0000        11.0000        11.0000        -9.5691      
1.17        -1.0000        11.0000        11.0000        -9.5691      
1.18        -1.0000        11.0000        11.0000        -9.5691      
1.19        -1.0000        11.0000        11.0000        -9.5691      
1.20        -1.0000        11.0000        11.0000        -9.5691      
1.21        -1.0000        11.0000        11.0000        -9.3329      
1.22        -1.0000        11.0000        11.0000        -9.0967      
1.23        -1.0000        11.0000        11.0000        -9.0967      
1.24        -1.0000        11.0000        11.0000        -9.0967      
1.25        -1.0000        11.0000        11.0000        -9.0967      
1.26        -1.0000        11.0000        11.0000        -9.0967      
1.27        -1.0000        11.0000        11.0000        -9.0967      
1.28        -1.0000        11.0000        11.0000        -9.0967      
1.29        -1.0000        11.0000        11.0000        -9.0967      
1.30        -1.0000        11.0000        11.0000        -9.0967      
1.31        -1.0000        11.0000        11.0000        -2.9957      

---- VAR s  position of vehicle i on lane k at time step k

            LOWER          LEVEL          UPPER         MARGINAL

1.1       -167.6292      -167.6292      -167.6292        -0.0928      
1.2       -200.0000      -163.8862       700.0000   6.825761E-13      
1.3       -200.0000      -159.5366       700.0000   6.058506E-13      
1.4       -200.0000      -154.9865       700.0000   5.414245E-13      
1.5       -200.0000      -150.2592       700.0000   4.869411E-13      
1.6       -200.0000      -145.3739       700.0000   4.405126E-13      
1.7       -200.0000      -140.3472       700.0000   4.006463E-13      
1.8       -200.0000      -135.1939       700.0000   3.661641E-13      
1.9       -200.0000      -129.9272       700.0000   3.361325E-13      
1.10      -200.0000      -124.5593       700.0000   3.098081E-13      
1.11      -200.0000      -119.1016       700.0000   2.865942E-13      
1.12      -200.0000      -113.6016       700.0000   2.661384E-13      
1.13      -200.0000      -108.1016       700.0000   2.481028E-13      
1.14      -200.0000      -102.6016       700.0000   2.320768E-13      
1.15      -200.0000       -97.1016       700.0000   2.177377E-13      
1.16      -200.0000       -91.6016       700.0000   2.048282E-13      
1.17      -200.0000       -86.1016       700.0000   1.931406E-13      
1.18      -200.0000       -80.6016       700.0000   1.825056E-13      
1.19      -200.0000       -75.1016       700.0000   1.727838E-13      
1.20      -200.0000       -69.6016       700.0000   1.638589E-13      
1.21      -200.0000       -64.1016       700.0000   1.556338E-13      
1.22      -200.0000       -58.6016       700.0000   1.480264E-13      
1.23      -200.0000       -53.1016       700.0000   1.409668E-13      
1.24      -200.0000       -47.6016       700.0000   1.343953E-13      
1.25      -200.0000       -42.1016       700.0000   1.282603E-13      
1.26      -200.0000       -36.6016       700.0000   1.225173E-13      
1.27      -200.0000       -31.1016       700.0000   1.171276E-13      
1.28      -200.0000       -25.6016       700.0000   1.120573E-13      
1.29      -200.0000       -20.1016       700.0000   1.072767E-13      
1.30      -200.0000       -14.6016       700.0000   1.027595E-13      
1.31      -200.0000        -9.1016       700.0000   9.848241E-14      


**** REPORT SUMMARY :        0     NONOPT
                             0 INFEASIBLE
                             0  UNBOUNDED
                             0     ERRORS
GAMS 49.1.0  5c4d4ed6 Feb 15, 2025          WEX-WEI x86 64bit/MS Windows - 03/07/25 15:08:45 Page 7
G e n e r a l   A l g e b r a i c   M o d e l i n g   S y s t e m
E x e c u t i o n


EXECUTION TIME       =        1.531 SECONDS      4 MB  49.1.0 5c4d4ed6 WEX-WEI


USER: Chris Ritthikarn                               G250228+0003Ac-GEN
      pritthik@uw.edu                                         CLA107628
      License for teaching and research at degree granting institutions


**** FILE SUMMARY

Input      C:\Users\chris\OneDrive - UW\Documents\GitHub\UW_CET593_project2\agent\gams_models\unified_four_legs_three_lanes_faster.gms
Output     C:\Users\chris\OneDrive - UW\Documents\GitHub\UW_CET593_project2\agent\gams_models\_gams_py_gjo147.lst
